<?xml version="1.0" encoding="utf-8"?>
<testsuites>
  <testsuite name="Contoso.Hello.HelloTests.dll" tests="1" failures="0" skipped="1" errors="0" time="0.090" timestamp="2018-01-01T16:40:12">
    <testcase name="WhenDoWork_ThenSomeSweetJson" classname="Contoso.Hello.HelloTests.EvenMoreUselessTests" time="0">
      <skipped><![CDATA[I want some output man]]></skipped>
    </testcase>
  </testsuite>
</testsuites>